[cdn.toshikura.com/v1/asset/css/style.min.1.1.7d8d9.css]
[backblue.gif]
[fade.gif]
[index.html]
[v1.kentatoshikura.com/asset/img/ogp.png]
[v1.kentatoshikura.com/asset/img/f/apple-touch-icon.png]
[v1.kentatoshikura.com/asset/img/f/favicon-32x32.png]
[v1.kentatoshikura.com/asset/img/f/favicon-16x16.png]
[v1.kentatoshikura.com/asset/img/f/site.webmanifest]
[external.html]
[v1.kentatoshikura.com/index.html]
[cdn.toshikura.com/v1/asset/js/script.min.1.2.2144b.js]
[cdn.toshikura.com/v1/asset/css/style.min.1.1.7d8d9.css]
[v1.kentatoshikura.com/asset/img/f/safari-pinned-tab.svg]
[v1.kentatoshikura.com/lightweight/index.html]
[cdn.toshikura.com/v1/asset/css/style.min.1.1.79757.css]
[v1.kentatoshikura.com/about/index.html]
[cdn.toshikura.com/v1/asset/js/script.min.1.2.2a1bb.js]
[cdn.toshikura.com/v1/asset/css/style.min.1.1.71a83.css]
[v1.kentatoshikura.com/project/index.html]
[cdn.toshikura.com/v1/asset/js/script.min.1.2.23b65.js]
[cdn.toshikura.com/v1/asset/css/style.min.1.1.7ace8.css]
[v1.kentatoshikura.com/project/the-shift/index.html]
[cdn.toshikura.com/v1/asset/js/script.min.1.2.284c6.js]
[cdn.toshikura.com/v1/asset/css/style.min.1.1.78c93.css]
[v1.kentatoshikura.com/project/garden-eight/index.html]
[cdn.toshikura.com/v1/asset/js/script.min.1.2.21cd1.js]
[v1.kentatoshikura.com/project/akan-ko/index.html]
[cdn.toshikura.com/v1/asset/css/style.min.1.1.7735e.css]
[cdn.toshikura.com/v1/asset/js/script.min.1.2.2a59c.js]
[cdn.toshikura.com/v1/asset/css/style.min.1.1.732bf.css]
[v1.kentatoshikura.com/project/fuji/index.html]
[cdn.toshikura.com/v1/asset/js/script.min.1.2.2f52f.js]
[cdn.toshikura.com/v1/asset/css/style.min.1.1.722fd.css]
[v1.kentatoshikura.com/project/haneda/index.html]
[cdn.toshikura.com/v1/asset/js/script.min.1.2.26f3e.js]
[v1.kentatoshikura.com/project/fil/index.html]
[cdn.toshikura.com/v1/asset/css/style.min.1.1.72757.css]
[cdn.toshikura.com/v1/asset/js/script.min.1.2.2bcb8.js]
[v1.kentatoshikura.com/project/tokyo/index.html]
[cdn.toshikura.com/v1/asset/css/style.min.1.1.79757.css]
[cdn.toshikura.com/v1/asset/css/style.min.1.1.71a83.css]
[cdn.toshikura.com/v1/asset/css/style.min.1.1.7ace8.css]
[cdn.toshikura.com/v1/asset/css/style.min.1.1.78c93.css]
[cdn.toshikura.com/v1/asset/css/style.min.1.1.7735e.css]
[cdn.toshikura.com/v1/asset/css/style.min.1.1.732bf.css]
[cdn.toshikura.com/v1/asset/css/style.min.1.1.722fd.css]
[cdn.toshikura.com/v1/asset/css/style.min.1.1.72757.css]
[cdn.toshikura.com/v1/asset/css/style.min.1.1.7d12a.css]
[cdn.toshikura.com/v1/asset/css/style.min.1.1.7d12a.css]
[cdn.toshikura.com/v1/asset/js/script.min.1.2.2b08e.js]
